document "Slider" url=file:///Users/vulcan/Documents/sideproj/webu/internal/ir/testdata/slider.html focusable #2
  heading "Mix" level=1 #8
    text "Mix" #16
  landmark:form #1
    text "Red" #17
    textbox:slider "Red" value="128" range=0..255 focusable #10
  textbox:slider "Volume" value="40" range=0..100 focusable block #14
