document "unsupported" url=file:///Users/vulcan/Documents/sideproj/webu/internal/ir/testdata/unsupported.html focusable #4
  textbox:slider "Volume" value="5" range=0..10 focusable block #10
  textbox:slider "Range" value="3" range=0..100 focusable #11
  group #15
    button "Show more" focusable block #19
  group #21
    button "Already open" focusable expanded block #25
    paragraph #26
      text "Visible text." #75
  gauge:progressbar "Loading" value="0.5" range=0..1 #27
  group:tablist #31
    button "Tab A" focusable selected #32
    button "Tab B" focusable #33
  group:tabpanel #34
    text "Panel A content" #78
  group:status #35
    text "Saved." #79
  group:alert #36
    text "Something happened." #80
  landmark:dialog focusable #37
    paragraph #38
      text "Dialog text" #81
    button "OK" focusable #39
  group:tree #40
    group:treeitem "Leaf" level=1 focusable #41
      text "Leaf" #83
  group:generic #42
    text "Clickable div without a role" #84
  group:figure #43
    media:image "Fig" url=file:///f.png #44
    group:Figcaption #48
      text "Caption" #85
  list #49
    listitem marker="• " #50
      button "Menu button" focusable #51
  gauge:meter "Meter" value="0.6" range=0..1 #52
  textbox:ColorWell "Colour" value="#000000" focusable #56
  textbox:Date "Date" focusable #3
  button "File" value="No file chosen" focusable #68
